Sat Mar 22 15:26:36 2025       
+---------------------------------------------------------------------------------------+
| NVIDIA-SMI 535.86.10              Driver Version: 535.86.10    CUDA Version: 12.2     |
|-----------------------------------------+----------------------+----------------------+
| GPU  Name                 Persistence-M | Bus-Id        Disp.A | Volatile Uncorr. ECC |
| Fan  Temp   Perf          Pwr:Usage/Cap |         Memory-Usage | GPU-Util  Compute M. |
|                                         |                      |               MIG M. |
|=========================================+======================+======================|
|   0  Tesla P100-SXM2-16GB           Off | 00000000:00:04.0 Off |                    0 |
| N/A   56C    P0              35W / 300W |      0MiB / 16384MiB |      0%      Default |
|                                         |                      |                  N/A |
+-----------------------------------------+----------------------+----------------------+
                                                                                         
+---------------------------------------------------------------------------------------+
| Processes:                                                                            |
|  GPU   GI   CI        PID   Type   Process name                            GPU Memory |
|        ID   ID                                                             Usage      |
|=======================================================================================|
|  No running processes found                                                           |
+---------------------------------------------------------------------------------------+
# conda environments:
#
base                     /mnt/shared/home/b30ubckb1/miniconda3
nerf                     /mnt/shared/home/b30ubckb1/miniconda3/envs/nerf
yolov10               *  /mnt/shared/home/b30ubckb1/miniconda3/envs/yolov10

New https://pypi.org/project/ultralytics/8.3.94 available 😃 Update with 'pip install -U ultralytics'
Ultralytics YOLOv8.1.34 🚀 Python-3.9.20 torch-2.0.1+cu117 CUDA:0 (Tesla P100-SXM2-16GB, 16276MiB)
[34m[1mengine/trainer: [0mtask=detect, mode=train, model=yolov10n-dehaze-CBAM1.yaml, data=data.yaml, epochs=100, time=None, patience=100, batch=32, imgsz=640, save=True, save_period=-1, val_period=1, cache=False, device=None, workers=8, project=None, name=train25, exist_ok=False, pretrained=True, optimizer=auto, verbose=True, seed=0, deterministic=True, single_cls=False, rect=False, cos_lr=False, close_mosaic=10, resume=False, amp=True, fraction=1.0, profile=False, freeze=None, multi_scale=False, overlap_mask=True, mask_ratio=4, dropout=0.0, val=True, split=val, save_json=False, save_hybrid=False, conf=None, iou=0.7, max_det=300, half=False, dnn=False, plots=True, source=None, vid_stride=1, stream_buffer=False, visualize=False, augment=False, agnostic_nms=False, classes=None, retina_masks=False, embed=None, show=False, save_frames=False, save_txt=False, save_conf=False, save_crop=False, show_labels=True, show_conf=True, show_boxes=True, line_width=None, format=torchscript, keras=False, optimize=False, int8=False, dynamic=False, simplify=False, opset=None, workspace=4, nms=False, lr0=0.01, lrf=0.01, momentum=0.937, weight_decay=0.0005, warmup_epochs=3.0, warmup_momentum=0.8, warmup_bias_lr=0.1, box=7.5, cls=0.5, dfl=1.5, pose=12.0, kobj=1.0, label_smoothing=0.0, nbs=64, hsv_h=0.015, hsv_s=0.7, hsv_v=0.4, degrees=0.0, translate=0.1, scale=0.5, shear=0.0, perspective=0.0, flipud=0.0, fliplr=0.5, bgr=0.0, mosaic=1.0, mixup=0.0, copy_paste=0.0, auto_augment=randaugment, erasing=0.4, crop_fraction=1.0, cfg=None, tracker=botsort.yaml, save_dir=runs/detect/train25

                   from  n    params  module                                       arguments                     
  0                  -1  1      1793  ultralytics.nn.modules.block.AODNet          [3, 8]                        
  1                  -1  1      1184  ultralytics.nn.modules.conv.Conv             [8, 16, 3, 2]                 
  2                  -1  1      4672  ultralytics.nn.modules.conv.Conv             [16, 32, 3, 2]                
  3                  -1  1      7360  ultralytics.nn.modules.block.C2f             [32, 32, 1, True]             
  4                  -1  1     18560  ultralytics.nn.modules.conv.Conv             [32, 64, 3, 2]                
  5                  -1  2     49664  ultralytics.nn.modules.block.C2f             [64, 64, 2, True]             
  6                  -1  1      9856  ultralytics.nn.modules.block.SCDown          [64, 128, 3, 2]               
  7                  -1  2    197632  ultralytics.nn.modules.block.C2f             [128, 128, 2, True]           
  8                  -1  1     36096  ultralytics.nn.modules.block.SCDown          [128, 256, 3, 2]              
  9                  -1  1    460288  ultralytics.nn.modules.block.C2f             [256, 256, 1, True]           
 10                  -1  1    164608  ultralytics.nn.modules.block.SPPF            [256, 256, 5]                 
 11                  -1  1    249728  ultralytics.nn.modules.block.PSA             [256, 256]                    
 12                  -1  1         0  torch.nn.modules.upsampling.Upsample         [None, 2, 'nearest']          
 13             [-1, 6]  1         0  ultralytics.nn.modules.conv.Concat           [1]                           
 14                  -1  1    148224  ultralytics.nn.modules.block.C2f             [384, 128, 1]                 
 15                  -1  1         0  torch.nn.modules.upsampling.Upsample         [None, 2, 'nearest']          
 16             [-1, 4]  1         0  ultralytics.nn.modules.conv.Concat           [1]                           
 17                  -1  1     37248  ultralytics.nn.modules.block.C2f             [192, 64, 1]                  
 18                  -1  1     36992  ultralytics.nn.modules.conv.Conv             [64, 64, 3, 2]                
 19            [-1, 13]  1         0  ultralytics.nn.modules.conv.Concat           [1]                           
 20                  -1  1    201170  ultralytics.nn.modules.conv.CBAM             [448, 3]                      
 21                  -1  1    156416  ultralytics.nn.modules.block.C2f             [448, 128, 1]                 
 22                  -1  1     18048  ultralytics.nn.modules.block.SCDown          [128, 128, 3, 2]              
 23            [-1, 10]  1         0  ultralytics.nn.modules.conv.Concat           [1]                           
 24                  -1  1    147858  ultralytics.nn.modules.conv.CBAM             [384, 3]                      
 25                  -1  1    282624  ultralytics.nn.modules.block.C2fCIB          [384, 256, 1, True, True]     
 26        [16, 19, 22]  1   1688494  ultralytics.nn.modules.head.v10Detect        [5, [192, 448, 128]]          
YOLOv10n-dehaze-CBAM1 summary: 409 layers, 3918515 parameters, 3918499 gradients, 15.7 GFLOPs

Freezing layer 'model.26.dfl.conv.weight'
[34m[1mAMP: [0mrunning Automatic Mixed Precision (AMP) checks with YOLOv8n...
[34m[1mAMP: [0mchecks passed ✅
[34m[1mtrain: [0mWARNING ⚠️ /mnt/shared/home/b30ubckb1/Project_YOLO/datasets/dataset1/images/train/AM_Bing_211.png: ignoring corrupt image/label: Truncated File Read
[34m[1mtrain: [0mWARNING ⚠️ /mnt/shared/home/b30ubckb1/Project_YOLO/datasets/dataset1/images/train/hv2_10.png: ignoring corrupt image/label: non-normalized or out of bounds coordinates [      1.102]
[34m[1mtrain: [0mWARNING ⚠️ /mnt/shared/home/b30ubckb1/Project_YOLO/datasets/dataset1/images/train/hv2_16.png: ignoring corrupt image/label: non-normalized or out of bounds coordinates [     1.0967]
Plotting labels to runs/detect/train25/labels.jpg... 
[34m[1moptimizer:[0m 'optimizer=auto' found, ignoring 'lr0=0.01' and 'momentum=0.937' and determining best 'optimizer', 'lr0' and 'momentum' automatically... 
[34m[1moptimizer:[0m AdamW(lr=0.001111, momentum=0.9) with parameter groups 95 weight(decay=0.0), 118 weight(decay=0.0005), 115 bias(decay=0.0)
Image sizes 640 train, 640 val
Using 8 dataloader workers
Logging results to [1mruns/detect/train25[0m
Starting training for 100 epochs...

      Epoch    GPU_mem     box_om     cls_om     dfl_om     box_oo     cls_oo     dfl_oo  Instances       Size
                   all        100        773   9.67e-05    0.00575   0.000548   0.000114

      Epoch    GPU_mem     box_om     cls_om     dfl_om     box_oo     cls_oo     dfl_oo  Instances       Size
                   all        100        773    0.00161      0.016    0.00172    0.00057

      Epoch    GPU_mem     box_om     cls_om     dfl_om     box_oo     cls_oo     dfl_oo  Instances       Size
                   all        100        773   0.000354     0.0129   0.000191   6.47e-05

      Epoch    GPU_mem     box_om     cls_om     dfl_om     box_oo     cls_oo     dfl_oo  Instances       Size
                   all        100        773      0.482     0.0244     0.0234     0.0109

      Epoch    GPU_mem     box_om     cls_om     dfl_om     box_oo     cls_oo     dfl_oo  Instances       Size
                   all        100        773      0.396      0.123       0.11     0.0503

      Epoch    GPU_mem     box_om     cls_om     dfl_om     box_oo     cls_oo     dfl_oo  Instances       Size
                   all        100        773      0.106     0.0418     0.0333     0.0158

      Epoch    GPU_mem     box_om     cls_om     dfl_om     box_oo     cls_oo     dfl_oo  Instances       Size
                   all        100        773      0.231      0.094     0.0989     0.0512

      Epoch    GPU_mem     box_om     cls_om     dfl_om     box_oo     cls_oo     dfl_oo  Instances       Size
                   all        100        773      0.266      0.202      0.179     0.0808

      Epoch    GPU_mem     box_om     cls_om     dfl_om     box_oo     cls_oo     dfl_oo  Instances       Size
                   all        100        773      0.234     0.0954     0.0892     0.0484

      Epoch    GPU_mem     box_om     cls_om     dfl_om     box_oo     cls_oo     dfl_oo  Instances       Size
                   all        100        773      0.282       0.18       0.19     0.0914

      Epoch    GPU_mem     box_om     cls_om     dfl_om     box_oo     cls_oo     dfl_oo  Instances       Size
                   all        100        773      0.437     0.0881      0.105      0.057

      Epoch    GPU_mem     box_om     cls_om     dfl_om     box_oo     cls_oo     dfl_oo  Instances       Size
                   all        100        773       0.27      0.164      0.134     0.0709

      Epoch    GPU_mem     box_om     cls_om     dfl_om     box_oo     cls_oo     dfl_oo  Instances       Size
                   all        100        773      0.218       0.17      0.164     0.0801

      Epoch    GPU_mem     box_om     cls_om     dfl_om     box_oo     cls_oo     dfl_oo  Instances       Size
                   all        100        773      0.301      0.248      0.223      0.105

      Epoch    GPU_mem     box_om     cls_om     dfl_om     box_oo     cls_oo     dfl_oo  Instances       Size
                   all        100        773        0.3      0.226       0.21      0.105

      Epoch    GPU_mem     box_om     cls_om     dfl_om     box_oo     cls_oo     dfl_oo  Instances       Size
                   all        100        773      0.307     0.0905      0.111     0.0572

      Epoch    GPU_mem     box_om     cls_om     dfl_om     box_oo     cls_oo     dfl_oo  Instances       Size
                   all        100        773      0.291      0.267       0.22      0.107

      Epoch    GPU_mem     box_om     cls_om     dfl_om     box_oo     cls_oo     dfl_oo  Instances       Size
                   all        100        773      0.365      0.306       0.29      0.144

      Epoch    GPU_mem     box_om     cls_om     dfl_om     box_oo     cls_oo     dfl_oo  Instances       Size
                   all        100        773      0.303      0.172      0.164     0.0859

      Epoch    GPU_mem     box_om     cls_om     dfl_om     box_oo     cls_oo     dfl_oo  Instances       Size
                   all        100        773       0.29      0.238      0.218      0.108

      Epoch    GPU_mem     box_om     cls_om     dfl_om     box_oo     cls_oo     dfl_oo  Instances       Size
                   all        100        773      0.286      0.187       0.17     0.0841

      Epoch    GPU_mem     box_om     cls_om     dfl_om     box_oo     cls_oo     dfl_oo  Instances       Size
                   all        100        773      0.399      0.219      0.218      0.118

      Epoch    GPU_mem     box_om     cls_om     dfl_om     box_oo     cls_oo     dfl_oo  Instances       Size
                   all        100        773      0.246      0.178      0.192     0.0944

      Epoch    GPU_mem     box_om     cls_om     dfl_om     box_oo     cls_oo     dfl_oo  Instances       Size
                   all        100        773      0.307      0.137      0.152      0.079

      Epoch    GPU_mem     box_om     cls_om     dfl_om     box_oo     cls_oo     dfl_oo  Instances       Size
                   all        100        773      0.432      0.339      0.311      0.161

      Epoch    GPU_mem     box_om     cls_om     dfl_om     box_oo     cls_oo     dfl_oo  Instances       Size
                   all        100        773       0.53      0.261      0.301      0.165

      Epoch    GPU_mem     box_om     cls_om     dfl_om     box_oo     cls_oo     dfl_oo  Instances       Size
                   all        100        773      0.418      0.358      0.331      0.159

      Epoch    GPU_mem     box_om     cls_om     dfl_om     box_oo     cls_oo     dfl_oo  Instances       Size
                   all        100        773      0.594      0.307      0.344       0.18

      Epoch    GPU_mem     box_om     cls_om     dfl_om     box_oo     cls_oo     dfl_oo  Instances       Size
                   all        100        773      0.576      0.288       0.35       0.19

      Epoch    GPU_mem     box_om     cls_om     dfl_om     box_oo     cls_oo     dfl_oo  Instances       Size
                   all        100        773      0.385      0.247       0.24      0.126

      Epoch    GPU_mem     box_om     cls_om     dfl_om     box_oo     cls_oo     dfl_oo  Instances       Size
                   all        100        773      0.455      0.355      0.364      0.186

      Epoch    GPU_mem     box_om     cls_om     dfl_om     box_oo     cls_oo     dfl_oo  Instances       Size
                   all        100        773      0.327       0.27      0.257      0.129

      Epoch    GPU_mem     box_om     cls_om     dfl_om     box_oo     cls_oo     dfl_oo  Instances       Size
                   all        100        773      0.414      0.284      0.278      0.144

      Epoch    GPU_mem     box_om     cls_om     dfl_om     box_oo     cls_oo     dfl_oo  Instances       Size
                   all        100        773      0.444      0.288      0.301      0.156

      Epoch    GPU_mem     box_om     cls_om     dfl_om     box_oo     cls_oo     dfl_oo  Instances       Size
                   all        100        773      0.474      0.347      0.361      0.197

      Epoch    GPU_mem     box_om     cls_om     dfl_om     box_oo     cls_oo     dfl_oo  Instances       Size
                   all        100        773      0.414      0.207      0.221      0.117

      Epoch    GPU_mem     box_om     cls_om     dfl_om     box_oo     cls_oo     dfl_oo  Instances       Size
                   all        100        773      0.354      0.212       0.22      0.111

      Epoch    GPU_mem     box_om     cls_om     dfl_om     box_oo     cls_oo     dfl_oo  Instances       Size
                   all        100        773      0.593      0.331      0.388      0.201

      Epoch    GPU_mem     box_om     cls_om     dfl_om     box_oo     cls_oo     dfl_oo  Instances       Size
                   all        100        773      0.406      0.296      0.257      0.133

      Epoch    GPU_mem     box_om     cls_om     dfl_om     box_oo     cls_oo     dfl_oo  Instances       Size
                   all        100        773      0.457      0.377      0.383        0.2

      Epoch    GPU_mem     box_om     cls_om     dfl_om     box_oo     cls_oo     dfl_oo  Instances       Size
                   all        100        773      0.578      0.337      0.405      0.219

      Epoch    GPU_mem     box_om     cls_om     dfl_om     box_oo     cls_oo     dfl_oo  Instances       Size
                   all        100        773      0.611      0.331       0.35      0.187

      Epoch    GPU_mem     box_om     cls_om     dfl_om     box_oo     cls_oo     dfl_oo  Instances       Size
                   all        100        773      0.544      0.369      0.378      0.198

      Epoch    GPU_mem     box_om     cls_om     dfl_om     box_oo     cls_oo     dfl_oo  Instances       Size
                   all        100        773      0.544      0.374      0.368      0.185

      Epoch    GPU_mem     box_om     cls_om     dfl_om     box_oo     cls_oo     dfl_oo  Instances       Size
                   all        100        773      0.564      0.311       0.32      0.165

      Epoch    GPU_mem     box_om     cls_om     dfl_om     box_oo     cls_oo     dfl_oo  Instances       Size
                   all        100        773      0.469      0.386      0.399      0.202

      Epoch    GPU_mem     box_om     cls_om     dfl_om     box_oo     cls_oo     dfl_oo  Instances       Size
                   all        100        773        0.6      0.348      0.391      0.196

      Epoch    GPU_mem     box_om     cls_om     dfl_om     box_oo     cls_oo     dfl_oo  Instances       Size
                   all        100        773      0.509      0.372      0.398       0.21

      Epoch    GPU_mem     box_om     cls_om     dfl_om     box_oo     cls_oo     dfl_oo  Instances       Size
                   all        100        773      0.561      0.317       0.37      0.187

      Epoch    GPU_mem     box_om     cls_om     dfl_om     box_oo     cls_oo     dfl_oo  Instances       Size
                   all        100        773      0.605      0.371      0.422      0.227

      Epoch    GPU_mem     box_om     cls_om     dfl_om     box_oo     cls_oo     dfl_oo  Instances       Size
                   all        100        773      0.529      0.303      0.349       0.18

      Epoch    GPU_mem     box_om     cls_om     dfl_om     box_oo     cls_oo     dfl_oo  Instances       Size
                   all        100        773      0.579      0.398      0.432      0.222

      Epoch    GPU_mem     box_om     cls_om     dfl_om     box_oo     cls_oo     dfl_oo  Instances       Size
                   all        100        773      0.541      0.369        0.4      0.214

      Epoch    GPU_mem     box_om     cls_om     dfl_om     box_oo     cls_oo     dfl_oo  Instances       Size
                   all        100        773      0.504      0.376      0.418      0.221

      Epoch    GPU_mem     box_om     cls_om     dfl_om     box_oo     cls_oo     dfl_oo  Instances       Size
                   all        100        773      0.474       0.36      0.394      0.211

      Epoch    GPU_mem     box_om     cls_om     dfl_om     box_oo     cls_oo     dfl_oo  Instances       Size
                   all        100        773      0.481       0.41       0.42      0.229

      Epoch    GPU_mem     box_om     cls_om     dfl_om     box_oo     cls_oo     dfl_oo  Instances       Size
                   all        100        773      0.382      0.306      0.308      0.156

      Epoch    GPU_mem     box_om     cls_om     dfl_om     box_oo     cls_oo     dfl_oo  Instances       Size
                   all        100        773      0.615      0.387      0.436      0.238

      Epoch    GPU_mem     box_om     cls_om     dfl_om     box_oo     cls_oo     dfl_oo  Instances       Size
                   all        100        773      0.506      0.412       0.44      0.229

      Epoch    GPU_mem     box_om     cls_om     dfl_om     box_oo     cls_oo     dfl_oo  Instances       Size
                   all        100        773      0.602      0.353      0.427      0.227

      Epoch    GPU_mem     box_om     cls_om     dfl_om     box_oo     cls_oo     dfl_oo  Instances       Size
                   all        100        773      0.454      0.405       0.44      0.238

      Epoch    GPU_mem     box_om     cls_om     dfl_om     box_oo     cls_oo     dfl_oo  Instances       Size
                   all        100        773      0.487      0.412      0.431      0.237

      Epoch    GPU_mem     box_om     cls_om     dfl_om     box_oo     cls_oo     dfl_oo  Instances       Size
                   all        100        773      0.497      0.401      0.421      0.232

      Epoch    GPU_mem     box_om     cls_om     dfl_om     box_oo     cls_oo     dfl_oo  Instances       Size
                   all        100        773      0.459      0.387       0.41      0.222

      Epoch    GPU_mem     box_om     cls_om     dfl_om     box_oo     cls_oo     dfl_oo  Instances       Size
                   all        100        773      0.661      0.316      0.399      0.207

      Epoch    GPU_mem     box_om     cls_om     dfl_om     box_oo     cls_oo     dfl_oo  Instances       Size
                   all        100        773       0.66      0.347       0.44      0.244

      Epoch    GPU_mem     box_om     cls_om     dfl_om     box_oo     cls_oo     dfl_oo  Instances       Size
                   all        100        773        0.7      0.353      0.448      0.244

      Epoch    GPU_mem     box_om     cls_om     dfl_om     box_oo     cls_oo     dfl_oo  Instances       Size
                   all        100        773      0.412      0.417      0.432      0.229

      Epoch    GPU_mem     box_om     cls_om     dfl_om     box_oo     cls_oo     dfl_oo  Instances       Size
                   all        100        773       0.55      0.387      0.443      0.236

      Epoch    GPU_mem     box_om     cls_om     dfl_om     box_oo     cls_oo     dfl_oo  Instances       Size
                   all        100        773      0.592      0.392      0.456      0.246

      Epoch    GPU_mem     box_om     cls_om     dfl_om     box_oo     cls_oo     dfl_oo  Instances       Size
                   all        100        773      0.553      0.376      0.387      0.198

      Epoch    GPU_mem     box_om     cls_om     dfl_om     box_oo     cls_oo     dfl_oo  Instances       Size
                   all        100        773       0.57      0.384      0.431      0.238

      Epoch    GPU_mem     box_om     cls_om     dfl_om     box_oo     cls_oo     dfl_oo  Instances       Size
                   all        100        773      0.559      0.392       0.45      0.244

      Epoch    GPU_mem     box_om     cls_om     dfl_om     box_oo     cls_oo     dfl_oo  Instances       Size
                   all        100        773      0.492      0.408      0.445      0.236

      Epoch    GPU_mem     box_om     cls_om     dfl_om     box_oo     cls_oo     dfl_oo  Instances       Size
                   all        100        773      0.598      0.344      0.432      0.234

      Epoch    GPU_mem     box_om     cls_om     dfl_om     box_oo     cls_oo     dfl_oo  Instances       Size
                   all        100        773      0.577      0.373      0.405      0.219

      Epoch    GPU_mem     box_om     cls_om     dfl_om     box_oo     cls_oo     dfl_oo  Instances       Size
                   all        100        773      0.479      0.411      0.442      0.241

      Epoch    GPU_mem     box_om     cls_om     dfl_om     box_oo     cls_oo     dfl_oo  Instances       Size
                   all        100        773      0.617      0.381       0.44      0.232

      Epoch    GPU_mem     box_om     cls_om     dfl_om     box_oo     cls_oo     dfl_oo  Instances       Size
                   all        100        773      0.498      0.411      0.468      0.252

      Epoch    GPU_mem     box_om     cls_om     dfl_om     box_oo     cls_oo     dfl_oo  Instances       Size
                   all        100        773      0.628      0.398      0.455      0.244

      Epoch    GPU_mem     box_om     cls_om     dfl_om     box_oo     cls_oo     dfl_oo  Instances       Size
                   all        100        773      0.569      0.392      0.441      0.242

      Epoch    GPU_mem     box_om     cls_om     dfl_om     box_oo     cls_oo     dfl_oo  Instances       Size
                   all        100        773      0.577      0.401      0.443      0.239

      Epoch    GPU_mem     box_om     cls_om     dfl_om     box_oo     cls_oo     dfl_oo  Instances       Size
                   all        100        773      0.651      0.358      0.464       0.25

      Epoch    GPU_mem     box_om     cls_om     dfl_om     box_oo     cls_oo     dfl_oo  Instances       Size
                   all        100        773      0.599      0.403      0.465      0.251

      Epoch    GPU_mem     box_om     cls_om     dfl_om     box_oo     cls_oo     dfl_oo  Instances       Size
                   all        100        773      0.652      0.362       0.46      0.246

      Epoch    GPU_mem     box_om     cls_om     dfl_om     box_oo     cls_oo     dfl_oo  Instances       Size
                   all        100        773      0.506       0.41      0.448       0.24

      Epoch    GPU_mem     box_om     cls_om     dfl_om     box_oo     cls_oo     dfl_oo  Instances       Size
                   all        100        773      0.707       0.37      0.463      0.252

      Epoch    GPU_mem     box_om     cls_om     dfl_om     box_oo     cls_oo     dfl_oo  Instances       Size
                   all        100        773      0.632      0.374      0.462      0.248

      Epoch    GPU_mem     box_om     cls_om     dfl_om     box_oo     cls_oo     dfl_oo  Instances       Size
                   all        100        773      0.478      0.424      0.453      0.246

      Epoch    GPU_mem     box_om     cls_om     dfl_om     box_oo     cls_oo     dfl_oo  Instances       Size
                   all        100        773      0.505      0.412      0.463       0.25
Closing dataloader mosaic

      Epoch    GPU_mem     box_om     cls_om     dfl_om     box_oo     cls_oo     dfl_oo  Instances       Size
                   all        100        773      0.547      0.431      0.459      0.251

      Epoch    GPU_mem     box_om     cls_om     dfl_om     box_oo     cls_oo     dfl_oo  Instances       Size
                   all        100        773      0.563      0.431      0.465      0.256

      Epoch    GPU_mem     box_om     cls_om     dfl_om     box_oo     cls_oo     dfl_oo  Instances       Size
                   all        100        773      0.628       0.38      0.471      0.255

      Epoch    GPU_mem     box_om     cls_om     dfl_om     box_oo     cls_oo     dfl_oo  Instances       Size
                   all        100        773      0.554      0.416      0.469      0.255

      Epoch    GPU_mem     box_om     cls_om     dfl_om     box_oo     cls_oo     dfl_oo  Instances       Size
                   all        100        773      0.625      0.378      0.467      0.252

      Epoch    GPU_mem     box_om     cls_om     dfl_om     box_oo     cls_oo     dfl_oo  Instances       Size
                   all        100        773      0.654      0.382      0.466      0.253

      Epoch    GPU_mem     box_om     cls_om     dfl_om     box_oo     cls_oo     dfl_oo  Instances       Size
                   all        100        773      0.544      0.444      0.465      0.253

      Epoch    GPU_mem     box_om     cls_om     dfl_om     box_oo     cls_oo     dfl_oo  Instances       Size
                   all        100        773       0.56      0.406      0.467      0.255

      Epoch    GPU_mem     box_om     cls_om     dfl_om     box_oo     cls_oo     dfl_oo  Instances       Size
                   all        100        773      0.535      0.412      0.462      0.254

      Epoch    GPU_mem     box_om     cls_om     dfl_om     box_oo     cls_oo     dfl_oo  Instances       Size
                   all        100        773      0.561      0.433      0.469      0.259

100 epochs completed in 3.164 hours.
Optimizer stripped from runs/detect/train25/weights/last.pt, 8.2MB
Optimizer stripped from runs/detect/train25/weights/best.pt, 8.2MB

Validating runs/detect/train25/weights/best.pt...
Ultralytics YOLOv8.1.34 🚀 Python-3.9.20 torch-2.0.1+cu117 CUDA:0 (Tesla P100-SXM2-16GB, 16276MiB)
YOLOv10n-dehaze-CBAM1 summary (fused): 309 layers, 3902947 parameters, 0 gradients, 15.4 GFLOPs
                   all        100        773       0.56      0.427      0.469      0.259
            pedestrian        100        173      0.588      0.353      0.394      0.175
                   car        100        479      0.642      0.691      0.716      0.431
                   bus        100         49      0.557       0.49      0.548      0.333
               bicycle        100         12      0.483      0.236      0.299      0.151
             motorbike        100         60      0.531      0.367       0.39      0.203
Speed: 1.4ms preprocess, 6.7ms inference, 0.0ms loss, 0.0ms postprocess per image
Results saved to [1mruns/detect/train25[0m
